Prisma artifact cleanup skipped: Error: EPERM, Permission denied: \\?\c:\Users\Admin\Downloads\inventory-app\backend\node_modules\.prisma\client\query_engine-windows.dll.node '\\?\c:\Users\Admin\Downloads\inventory-app\backend\node_modules\.prisma\client\query_engine-windows.dll.node'
    at rmSync (node:fs:1282:18)
    at cleanupStalePrismaArtifacts (file:///c:/Users/Admin/Downloads/inventory-app/backend/src/server.js:22:9)
    at file:///c:/Users/Admin/Downloads/inventory-app/backend/src/server.js:33:3
    at ModuleJob.run (node:internal/modules/esm/module_job:561:25)
    at async node:internal/modules/esm/loader:647:26
    at async asyncRunEntryPointWithESMLoader (node:internal/modules/run_main:101:5) {
  errno: 1,
  code: 'EPERM',
  path: '\\\\?\\c:\\Users\\Admin\\Downloads\\inventory-app\\backend\\node_modules\\.prisma\\client\\query_engine-windows.dll.node',
  syscall: 'rm'
}
Error: 
EPERM: operation not permitted, rename 'C:\Users\Admin\Downloads\inventory-app\backend\node_modules\.prisma\client\query_engine-windows.dll.node.tmp4796' -> 'C:\Users\Admin\Downloads\inventory-app\backend\node_modules\.prisma\client\query_engine-windows.dll.node'


Startup preparation failed: Error: Command failed: npx prisma generate
    at genericNodeError (node:internal/errors:986:15)
    at wrappedFn (node:internal/errors:540:14)
    at checkExecSyncError (node:child_process:942:11)
    at execSync (node:child_process:1014:15)
    at file:///c:/Users/Admin/Downloads/inventory-app/backend/src/server.js:35:3
    at ModuleJob.run (node:internal/modules/esm/module_job:561:25)
    at async node:internal/modules/esm/loader:647:26
    at async asyncRunEntryPointWithESMLoader (node:internal/modules/run_main:101:5) {
  status: 1,
  signal: null,
  output: [ null, null, null ],
  pid: 15924,
  stdout: null,
  stderr: null
}
