 ⚠ Port 3000 is in use by process 17208, using available port 3001 instead.
[baseline-browser-mapping] The data in this module is over two months old.  To ensure accurate Baseline data, please update: `npm i baseline-browser-mapping@latest -D`
(node:14916) [DEP0060] DeprecationWarning: The `util._extend` API is deprecated. Please use Object.assign() instead.
(Use `node --trace-deprecation ...` to show where the warning was created)
Failed to proxy http://localhost:4000/users AggregateError: 
    at ignore-listed frames {
  code: 'ECONNREFUSED'
}
AggregateError: 
    at ignore-listed frames {
  code: 'ECONNREFUSED'
}
Failed to proxy http://localhost:4000/users AggregateError: 
    at ignore-listed frames {
  code: 'ECONNREFUSED'
}
AggregateError: 
    at ignore-listed frames {
  code: 'ECONNREFUSED'
}
Failed to proxy http://localhost:4000/users/cmuccqrrf0000irmwrctydwrs AggregateError: 
    at ignore-listed frames {
  code: 'ECONNREFUSED'
}
AggregateError: 
    at ignore-listed frames {
  code: 'ECONNREFUSED'
}
